This is pdfTeX, Version 3.141592653-2.6-1.40.23 (TeX Live 2021/W32TeX) (preloaded format=pdflatex 2021.12.3)  15 NOV 2024 12:59
entering extended mode
 restricted \write18 enabled.
 %&-line parsing enabled.
**RPSO_clean.tex
(./RPSO_clean.tex
LaTeX2e <2021-11-15>
L3 programming layer <2021-11-22> (./elsarticle.cls
Document Class: elsarticle 2009/09/17, 1.20b: Elsevier Ltd
\@bls=\dimen138
(c:/texlive/2021/texmf-dist/tex/latex/base/article.cls
Document Class: article 2021/10/04 v1.4n Standard LaTeX document class
(c:/texlive/2021/texmf-dist/tex/latex/base/size10.clo
File: size10.clo 2021/10/04 v1.4n Standard LaTeX file (size option)
)
\c@part=\count183
\c@section=\count184
\c@subsection=\count185
\c@subsubsection=\count186
\c@paragraph=\count187
\c@subparagraph=\count188
\c@figure=\count189
\c@table=\count190
\abovecaptionskip=\skip47
\belowcaptionskip=\skip48
\bibindent=\dimen139
)
(c:/texlive/2021/texmf-dist/tex/latex/graphics/graphicx.sty
Package: graphicx 2021/09/16 v1.2d Enhanced LaTeX Graphics (DPC,SPQR)

(c:/texlive/2021/texmf-dist/tex/latex/graphics/keyval.sty
Package: keyval 2014/10/28 v1.15 key=value parser (DPC)
\KV@toks@=\toks16
)
(c:/texlive/2021/texmf-dist/tex/latex/graphics/graphics.sty
Package: graphics 2021/03/04 v1.4d Standard LaTeX Graphics (DPC,SPQR)

(c:/texlive/2021/texmf-dist/tex/latex/graphics/trig.sty
Package: trig 2021/08/11 v1.11 sin cos tan (DPC)
)
(c:/texlive/2021/texmf-dist/tex/latex/graphics-cfg/graphics.cfg
File: graphics.cfg 2016/06/04 v1.11 sample graphics configuration
)
Package graphics Info: Driver file: pdftex.def on input line 107.

(c:/texlive/2021/texmf-dist/tex/latex/graphics-def/pdftex.def
File: pdftex.def 2020/10/05 v1.2a Graphics/color driver for pdftex
))
\Gin@req@height=\dimen140
\Gin@req@width=\dimen141
)
(c:/texlive/2021/texmf-dist/tex/latex/psnfss/pifont.sty
Package: pifont 2020/03/25 PSNFSS-v9.3 Pi font support (SPQR) 
LaTeX Font Info:    Trying to load font information for U+pzd on input line 63.


(c:/texlive/2021/texmf-dist/tex/latex/psnfss/upzd.fd
File: upzd.fd 2001/06/04 font definitions for U/pzd.
)
LaTeX Font Info:    Trying to load font information for U+psy on input line 64.


(c:/texlive/2021/texmf-dist/tex/latex/psnfss/upsy.fd
File: upsy.fd 2001/06/04 font definitions for U/psy.
))
\c@tnote=\count191
\c@fnote=\count192
\c@cnote=\count193
\c@ead=\count194
\c@author=\count195
\@eadauthor=\toks17
\c@affn=\count196
\absbox=\box50
\keybox=\box51
\Columnwidth=\dimen142
\space@left=\dimen143
\els@boxa=\box52
\els@boxb=\box53
\leftMargin=\dimen144
\@enLab=\toks18
\@sep=\skip49
\@@sep=\skip50
 (./RPSO_clean.spl)
(c:/texlive/2021/texmf-dist/tex/latex/natbib/natbib.sty
Package: natbib 2010/09/13 8.31b (PWD, AO)
\bibhang=\skip51
\bibsep=\skip52
LaTeX Info: Redefining \cite on input line 694.
\c@NAT@ctr=\count197
)
\splwrite=\write3
\openout3 = `RPSO_clean.spl'.

\appnamewidth=\dimen145
)
(c:/texlive/2021/texmf-dist/tex/latex/amsmath/amsmath.sty
Package: amsmath 2021/10/15 v2.17l AMS math features
\@mathmargin=\skip53

For additional information on amsmath, use the `?' option.
(c:/texlive/2021/texmf-dist/tex/latex/amsmath/amstext.sty
Package: amstext 2021/08/26 v2.01 AMS text

(c:/texlive/2021/texmf-dist/tex/latex/amsmath/amsgen.sty
File: amsgen.sty 1999/11/30 v2.0 generic functions
\@emptytoks=\toks19
\ex@=\dimen146
))
(c:/texlive/2021/texmf-dist/tex/latex/amsmath/amsbsy.sty
Package: amsbsy 1999/11/29 v1.2d Bold Symbols
\pmbraise@=\dimen147
)
(c:/texlive/2021/texmf-dist/tex/latex/amsmath/amsopn.sty
Package: amsopn 2021/08/26 v2.02 operator names
)
\inf@bad=\count198
LaTeX Info: Redefining \frac on input line 234.
\uproot@=\count199
\leftroot@=\count266
LaTeX Info: Redefining \overline on input line 399.
\classnum@=\count267
\DOTSCASE@=\count268
LaTeX Info: Redefining \ldots on input line 496.
LaTeX Info: Redefining \dots on input line 499.
LaTeX Info: Redefining \cdots on input line 620.
\Mathstrutbox@=\box54
\strutbox@=\box55
\big@size=\dimen148
LaTeX Font Info:    Redeclaring font encoding OML on input line 743.
LaTeX Font Info:    Redeclaring font encoding OMS on input line 744.
\macc@depth=\count269
\c@MaxMatrixCols=\count270
\dotsspace@=\muskip16
\c@parentequation=\count271
\dspbrk@lvl=\count272
\tag@help=\toks20
\row@=\count273
\column@=\count274
\maxfields@=\count275
\andhelp@=\toks21
\eqnshift@=\dimen149
\alignsep@=\dimen150
\tagshift@=\dimen151
\tagwidth@=\dimen152
\totwidth@=\dimen153
\lineht@=\dimen154
\@envbody=\toks22
\multlinegap=\skip54
\multlinetaggap=\skip55
\mathdisplay@stack=\toks23
LaTeX Info: Redefining \[ on input line 2938.
LaTeX Info: Redefining \] on input line 2939.
)
(c:/texlive/2021/texmf-dist/tex/latex/amsfonts/amssymb.sty
Package: amssymb 2013/01/14 v3.01 AMS font symbols

(c:/texlive/2021/texmf-dist/tex/latex/amsfonts/amsfonts.sty
Package: amsfonts 2013/01/14 v3.01 Basic AMSFonts support
\symAMSa=\mathgroup4
\symAMSb=\mathgroup5
LaTeX Font Info:    Redeclaring math symbol \hbar on input line 98.
LaTeX Font Info:    Overwriting math alphabet `\mathfrak' in version `bold'
(Font)                  U/euf/m/n --> U/euf/b/n on input line 106.
))
(c:/texlive/2021/texmf-dist/tex/latex/tools/array.sty
Package: array 2021/10/04 v2.5f Tabular extension package (FMi)
\col@sep=\dimen155
\ar@mcellbox=\box56
\extrarowheight=\dimen156
\NC@list=\toks24
\extratabsurround=\skip56
\backup@length=\skip57
\ar@cellbox=\box57
)
(c:/texlive/2021/texmf-dist/tex/latex/booktabs/booktabs.sty
Package: booktabs 2020/01/12 v1.61803398 Publication quality tables
\heavyrulewidth=\dimen157
\lightrulewidth=\dimen158
\cmidrulewidth=\dimen159
\belowrulesep=\dimen160
\belowbottomsep=\dimen161
\aboverulesep=\dimen162
\abovetopsep=\dimen163
\cmidrulesep=\dimen164
\cmidrulekern=\dimen165
\defaultaddspace=\dimen166
\@cmidla=\count276
\@cmidlb=\count277
\@aboverulesep=\dimen167
\@belowrulesep=\dimen168
\@thisruleclass=\count278
\@lastruleclass=\count279
\@thisrulewidth=\dimen169
)
(c:/texlive/2021/texmf-dist/tex/latex/changepage/changepage.sty
Package: changepage 2009/10/20 v1.0c check page and change page layout
\c@cp@cntr=\count280
\cp@tempcnt=\count281
)
(c:/texlive/2021/texmf-dist/tex/latex/graphics/rotating.sty
Package: rotating 2016/08/11 v2.16d rotated objects in LaTeX

(c:/texlive/2021/texmf-dist/tex/latex/base/ifthen.sty
Package: ifthen 2020/11/24 v1.1c Standard LaTeX ifthen package (DPC)
)
\c@r@tfl@t=\count282
\rotFPtop=\skip58
\rotFPbot=\skip59
\rot@float@box=\box58
\rot@mess@toks=\toks25
)
(c:/texlive/2021/texmf-dist/tex/latex/txfonts/txfonts.sty
Package: txfonts 2008/01/22 v3.2.1
LaTeX Font Info:    Redeclaring symbol font `operators' on input line 21.
LaTeX Font Info:    Overwriting symbol font `operators' in version `normal'
(Font)                  OT1/cmr/m/n --> OT1/txr/m/n on input line 21.
LaTeX Font Info:    Overwriting symbol font `operators' in version `bold'
(Font)                  OT1/cmr/bx/n --> OT1/txr/m/n on input line 21.
LaTeX Font Info:    Overwriting symbol font `operators' in version `bold'
(Font)                  OT1/txr/m/n --> OT1/txr/bx/n on input line 22.
\symitalic=\mathgroup6
LaTeX Font Info:    Overwriting symbol font `italic' in version `bold'
(Font)                  OT1/txr/m/it --> OT1/txr/bx/it on input line 26.
LaTeX Font Info:    Redeclaring math alphabet \mathbf on input line 29.
LaTeX Font Info:    Overwriting math alphabet `\mathbf' in version `normal'
(Font)                  OT1/cmr/bx/n --> OT1/txr/bx/n on input line 29.
LaTeX Font Info:    Overwriting math alphabet `\mathbf' in version `bold'
(Font)                  OT1/cmr/bx/n --> OT1/txr/bx/n on input line 29.
LaTeX Font Info:    Redeclaring math alphabet \mathit on input line 30.
LaTeX Font Info:    Overwriting math alphabet `\mathit' in version `normal'
(Font)                  OT1/cmr/m/it --> OT1/txr/m/it on input line 30.
LaTeX Font Info:    Overwriting math alphabet `\mathit' in version `bold'
(Font)                  OT1/cmr/bx/it --> OT1/txr/m/it on input line 30.
LaTeX Font Info:    Overwriting math alphabet `\mathit' in version `bold'
(Font)                  OT1/txr/m/it --> OT1/txr/bx/it on input line 31.
LaTeX Font Info:    Redeclaring math alphabet \mathsf on input line 40.
LaTeX Font Info:    Overwriting math alphabet `\mathsf' in version `normal'
(Font)                  OT1/cmss/m/n --> OT1/txss/m/n on input line 40.
LaTeX Font Info:    Overwriting math alphabet `\mathsf' in version `bold'
(Font)                  OT1/cmss/bx/n --> OT1/txss/m/n on input line 40.
LaTeX Font Info:    Overwriting math alphabet `\mathsf' in version `bold'
(Font)                  OT1/txss/m/n --> OT1/txss/b/n on input line 41.
LaTeX Font Info:    Redeclaring math alphabet \mathtt on input line 50.
LaTeX Font Info:    Overwriting math alphabet `\mathtt' in version `normal'
(Font)                  OT1/cmtt/m/n --> OT1/txtt/m/n on input line 50.
LaTeX Font Info:    Overwriting math alphabet `\mathtt' in version `bold'
(Font)                  OT1/cmtt/m/n --> OT1/txtt/m/n on input line 50.
LaTeX Font Info:    Overwriting math alphabet `\mathtt' in version `bold'
(Font)                  OT1/txtt/m/n --> OT1/txtt/b/n on input line 51.
LaTeX Font Info:    Redeclaring symbol font `letters' on input line 58.
LaTeX Font Info:    Overwriting symbol font `letters' in version `normal'
(Font)                  OML/cmm/m/it --> OML/txmi/m/it on input line 58.
LaTeX Font Info:    Overwriting symbol font `letters' in version `bold'
(Font)                  OML/cmm/b/it --> OML/txmi/m/it on input line 58.
LaTeX Font Info:    Overwriting symbol font `letters' in version `bold'
(Font)                  OML/txmi/m/it --> OML/txmi/bx/it on input line 59.
\symlettersA=\mathgroup7
LaTeX Font Info:    Overwriting symbol font `lettersA' in version `bold'
(Font)                  U/txmia/m/it --> U/txmia/bx/it on input line 67.
LaTeX Font Info:    Redeclaring math alphabet \mathfrak on input line 70.
LaTeX Font Info:    Redeclaring symbol font `symbols' on input line 77.
LaTeX Font Info:    Overwriting symbol font `symbols' in version `normal'
(Font)                  OMS/cmsy/m/n --> OMS/txsy/m/n on input line 77.
LaTeX Font Info:    Overwriting symbol font `symbols' in version `bold'
(Font)                  OMS/cmsy/b/n --> OMS/txsy/m/n on input line 77.
LaTeX Font Info:    Overwriting symbol font `symbols' in version `bold'
(Font)                  OMS/txsy/m/n --> OMS/txsy/bx/n on input line 78.
LaTeX Font Info:    Redeclaring symbol font `AMSa' on input line 93.
LaTeX Font Info:    Overwriting symbol font `AMSa' in version `normal'
(Font)                  U/msa/m/n --> U/txsya/m/n on input line 93.
LaTeX Font Info:    Overwriting symbol font `AMSa' in version `bold'
(Font)                  U/msa/m/n --> U/txsya/m/n on input line 93.
LaTeX Font Info:    Overwriting symbol font `AMSa' in version `bold'
(Font)                  U/txsya/m/n --> U/txsya/bx/n on input line 94.
LaTeX Font Info:    Redeclaring symbol font `AMSb' on input line 102.
LaTeX Font Info:    Overwriting symbol font `AMSb' in version `normal'
(Font)                  U/msb/m/n --> U/txsyb/m/n on input line 102.
LaTeX Font Info:    Overwriting symbol font `AMSb' in version `bold'
(Font)                  U/msb/m/n --> U/txsyb/m/n on input line 102.
LaTeX Font Info:    Overwriting symbol font `AMSb' in version `bold'
(Font)                  U/txsyb/m/n --> U/txsyb/bx/n on input line 103.
\symsymbolsC=\mathgroup8
LaTeX Font Info:    Overwriting symbol font `symbolsC' in version `bold'
(Font)                  U/txsyc/m/n --> U/txsyc/bx/n on input line 113.
LaTeX Font Info:    Redeclaring symbol font `largesymbols' on input line 120.
LaTeX Font Info:    Overwriting symbol font `largesymbols' in version `normal'
(Font)                  OMX/cmex/m/n --> OMX/txex/m/n on input line 120.
LaTeX Font Info:    Overwriting symbol font `largesymbols' in version `bold'
(Font)                  OMX/cmex/m/n --> OMX/txex/m/n on input line 120.
LaTeX Font Info:    Overwriting symbol font `largesymbols' in version `bold'
(Font)                  OMX/txex/m/n --> OMX/txex/bx/n on input line 121.
\symlargesymbolsA=\mathgroup9
LaTeX Font Info:    Overwriting symbol font `largesymbolsA' in version `bold'
(Font)                  U/txexa/m/n --> U/txexa/bx/n on input line 129.
LaTeX Font Info:    Redeclaring math symbol \mathsterling on input line 164.
LaTeX Info: Redefining \not on input line 1043.
)
(c:/texlive/2021/texmf-dist/tex/latex/algorithm2e/algorithm2e.sty
Package: algorithm2e 2017/07/18 v5.2 algorithms environments
\c@AlgoLine=\count283
\algocf@hangindent=\skip60

(c:/texlive/2021/texmf-dist/tex/latex/ifoddpage/ifoddpage.sty
Package: ifoddpage 2016/04/23 v1.1 Conditionals for odd/even page detection
\c@checkoddpage=\count284
LaTeX Info: Redefining \checkoddpage on input line 45.
)
(c:/texlive/2021/texmf-dist/tex/latex/tools/xspace.sty
Package: xspace 2014/10/28 v1.13 Space after command names (DPC,MH)
)
(c:/texlive/2021/texmf-dist/tex/latex/relsize/relsize.sty
Package: relsize 2013/03/29 ver 4.1
)
\skiptotal=\skip61
\skiplinenumber=\skip62
\skiprule=\skip63
\skiphlne=\skip64
\skiptext=\skip65
\skiplength=\skip66
\algomargin=\skip67
\skipalgocfslide=\skip68
\algowidth=\dimen170
\inoutsize=\dimen171
\inoutindent=\dimen172
\interspacetitleruled=\dimen173
\interspacealgoruled=\dimen174
\interspacetitleboxruled=\dimen175
\algocf@ruledwidth=\skip69
\algocf@inoutbox=\box59
\algocf@inputbox=\box60
\AlCapSkip=\skip70
\AlCapHSkip=\skip71
\algoskipindent=\skip72
\algocf@nlbox=\box61
\algocf@hangingbox=\box62
\algocf@untilbox=\box63
\algocf@skipuntil=\skip73
\algocf@capbox=\box64
\algocf@lcaptionbox=\skip74
\algoheightruledefault=\skip75
\algoheightrule=\skip76
\algotitleheightruledefault=\skip77
\algotitleheightrule=\skip78
\c@algocfline=\count285
\c@algocfproc=\count286
\c@algocf=\count287
\algocf@algoframe=\box65
\algocf@algobox=\box66
)
(c:/texlive/2021/texmf-dist/tex/latex/setspace/setspace.sty
Package: setspace 2011/12/19 v6.7a set line spacing
)
(c:/texlive/2021/texmf-dist/tex/latex/caption/subcaption.sty
Package: subcaption 2020/10/07 v1.3j Sub-captions (AR)

(c:/texlive/2021/texmf-dist/tex/latex/caption/caption.sty
Package: caption 2020/10/26 v3.5g Customizing captions (AR)

(c:/texlive/2021/texmf-dist/tex/latex/caption/caption3.sty
Package: caption3 2020/10/21 v2.2e caption3 kernel (AR)
\captionmargin=\dimen176
\captionmargin@=\dimen177
\captionwidth=\dimen178
\caption@tempdima=\dimen179
\caption@indent=\dimen180
\caption@parindent=\dimen181
\caption@hangindent=\dimen182
Package caption Info: elsarticle document class detected.

(c:/texlive/2021/texmf-dist/tex/latex/caption/caption-elsarticle.sto
File: caption-elsarticle.sto 2020/08/22 v2.0 Adaption of the caption package to
 the elsarticle document class (AR)
))
\c@caption@flags=\count288
\c@continuedfloat=\count289
Package caption Info: changepage package is loaded.
\caption@adjustwidth@hsize=\dimen183
\caption@adjustwidth@linewidth=\dimen184
Package caption Info: rotating package is loaded.
)
\c@subfigure=\count290
\c@subtable=\count291
)
(c:/texlive/2021/texmf-dist/tex/latex/multirow/multirow.sty
Package: multirow 2021/03/15 v2.8 Span multiple rows of a table
\multirow@colwidth=\skip79
\multirow@cntb=\count292
\multirow@dima=\skip80
\bigstrutjot=\dimen185
)
(c:/texlive/2021/texmf-dist/tex/latex/epstopdf-pkg/epstopdf.sty
Package: epstopdf 2020-01-24 v2.11 Conversion with epstopdf on the fly (HO)

(c:/texlive/2021/texmf-dist/tex/generic/infwarerr/infwarerr.sty
Package: infwarerr 2019/12/03 v1.5 Providing info/warning/error messages (HO)
)
(c:/texlive/2021/texmf-dist/tex/latex/grfext/grfext.sty
Package: grfext 2019/12/03 v1.3 Manage graphics extensions (HO)

(c:/texlive/2021/texmf-dist/tex/generic/kvdefinekeys/kvdefinekeys.sty
Package: kvdefinekeys 2019-12-19 v1.6 Define keys (HO)
))
(c:/texlive/2021/texmf-dist/tex/latex/kvoptions/kvoptions.sty
Package: kvoptions 2020-10-07 v3.14 Key value format for package options (HO)

(c:/texlive/2021/texmf-dist/tex/generic/ltxcmds/ltxcmds.sty
Package: ltxcmds 2020-05-10 v1.25 LaTeX kernel commands for general use (HO)
)
(c:/texlive/2021/texmf-dist/tex/generic/kvsetkeys/kvsetkeys.sty
Package: kvsetkeys 2019/12/15 v1.18 Key value parser (HO)
))
(c:/texlive/2021/texmf-dist/tex/generic/pdftexcmds/pdftexcmds.sty
Package: pdftexcmds 2020-06-27 v0.33 Utility functions of pdfTeX for LuaTeX (HO
)

(c:/texlive/2021/texmf-dist/tex/generic/iftex/iftex.sty
Package: iftex 2020/03/06 v1.0d TeX engine tests
)
Package pdftexcmds Info: \pdf@primitive is available.
Package pdftexcmds Info: \pdf@ifprimitive is available.
Package pdftexcmds Info: \pdfdraftmode found.
)
(c:/texlive/2021/texmf-dist/tex/latex/epstopdf-pkg/epstopdf-base.sty
Package: epstopdf-base 2020-01-24 v2.11 Base part for package epstopdf
Package epstopdf-base Info: Redefining graphics rule for `.eps' on input line 4
85.
Package grfext Info: Graphics extension search list:
(grfext)             [.pdf,.png,.jpg,.mps,.jpeg,.jbig2,.jb2,.PDF,.PNG,.JPG,.JPE
G,.JBIG2,.JB2,.eps]
(grfext)             \AppendGraphicsExtensions on input line 504.

(c:/texlive/2021/texmf-dist/tex/latex/latexconfig/epstopdf-sys.cfg
File: epstopdf-sys.cfg 2010/07/13 v1.3 Configuration of (r)epstopdf for TeX Liv
e
)))
(c:/texlive/2021/texmf-dist/tex/latex/graphics/color.sty
Package: color 2021/10/11 v1.3b Standard LaTeX Color (DPC)

(c:/texlive/2021/texmf-dist/tex/latex/graphics-cfg/color.cfg
File: color.cfg 2016/01/02 v1.6 sample color configuration
)
Package color Info: Driver file: pdftex.def on input line 149.
)
(c:/texlive/2021/texmf-dist/tex/latex/float/float.sty
Package: float 2001/11/08 v1.3d Float enhancements (AL)
\c@float@type=\count293
\float@exts=\toks26
\float@box=\box67
\@float@everytoks=\toks27
\@floatcapt=\box68
)
(c:/texlive/2021/texmf-dist/tex/latex/appendix/appendix.sty
Package: appendix 2020/02/08 v1.2c extra appendix facilities
\c@@pps=\count294
\c@@ppsavesec=\count295
\c@@ppsaveapp=\count296
)
\c@remark=\count297

(c:/texlive/2021/texmf-dist/tex/latex/yhmath/yhmath.sty
Package: yhmath 2020/03/17 v1.6
\symyhlargesymbols=\mathgroup10
LaTeX Font Info:    Redeclaring math accent \widetilde on input line 29.
LaTeX Font Info:    Redeclaring math accent \widehat on input line 30.
LaTeX Font Info:    Redeclaring math symbol \braceld on input line 48.
LaTeX Font Info:    Redeclaring math symbol \bracerd on input line 49.
LaTeX Font Info:    Redeclaring math symbol \bracelu on input line 50.
LaTeX Font Info:    Redeclaring math symbol \braceru on input line 51.
LaTeX Font Info:    Redeclaring math delimiter \lmoustache on input line 53.
LaTeX Font Info:    Redeclaring math delimiter \rmoustache on input line 55.
LaTeX Font Info:    Redeclaring math delimiter \arrowvert on input line 57.
LaTeX Font Info:    Redeclaring math delimiter \Arrowvert on input line 59.
LaTeX Font Info:    Redeclaring math delimiter \Vert on input line 61.
LaTeX Font Info:    Redeclaring math delimiter \vert on input line 63.
LaTeX Font Info:    Redeclaring math delimiter \uparrow on input line 65.
LaTeX Font Info:    Redeclaring math delimiter \downarrow on input line 67.
LaTeX Font Info:    Redeclaring math delimiter \updownarrow on input line 69.
LaTeX Font Info:    Redeclaring math delimiter \Uparrow on input line 71.
LaTeX Font Info:    Redeclaring math delimiter \Downarrow on input line 73.
LaTeX Font Info:    Redeclaring math delimiter \Updownarrow on input line 75.
LaTeX Font Info:    Redeclaring math delimiter \backslash on input line 79.
LaTeX Font Info:    Redeclaring math delimiter \rangle on input line 81.
LaTeX Font Info:    Redeclaring math delimiter \langle on input line 83.
LaTeX Font Info:    Redeclaring math delimiter \rbrace on input line 85.
LaTeX Font Info:    Redeclaring math delimiter \lbrace on input line 87.
LaTeX Font Info:    Redeclaring math delimiter \rceil on input line 89.
LaTeX Font Info:    Redeclaring math delimiter \lceil on input line 91.
LaTeX Font Info:    Redeclaring math delimiter \rfloor on input line 93.
LaTeX Font Info:    Redeclaring math delimiter \lfloor on input line 95.
LaTeX Font Info:    Redeclaring math delimiter \lgroup on input line 97.
LaTeX Font Info:    Redeclaring math delimiter \rgroup on input line 99.
LaTeX Font Info:    Redeclaring math delimiter \bracevert on input line 101.
)
(c:/texlive/2021/texmf-dist/tex/latex/xcolor/xcolor.sty
Package: xcolor 2021/10/31 v2.13 LaTeX color extensions (UK)

(c:/texlive/2021/texmf-dist/tex/latex/graphics-cfg/color.cfg
File: color.cfg 2016/01/02 v1.6 sample color configuration
)
Package xcolor Info: Driver file: pdftex.def on input line 227.

(c:/texlive/2021/texmf-dist/tex/latex/colortbl/colortbl.sty
Package: colortbl 2020/01/04 v1.0e Color table columns (DPC)
\everycr=\toks28
\minrowclearance=\skip81
)
LaTeX Info: Redefining \color on input line 711.
\rownum=\count298
Package xcolor Info: Model `cmy' substituted by `cmy0' on input line 1352.
Package xcolor Info: Model `hsb' substituted by `rgb' on input line 1356.
Package xcolor Info: Model `RGB' extended on input line 1368.
Package xcolor Info: Model `HTML' substituted by `rgb' on input line 1370.
Package xcolor Info: Model `Hsb' substituted by `hsb' on input line 1371.
Package xcolor Info: Model `tHsb' substituted by `hsb' on input line 1372.
Package xcolor Info: Model `HSB' substituted by `hsb' on input line 1373.
Package xcolor Info: Model `Gray' substituted by `gray' on input line 1374.
Package xcolor Info: Model `wave' substituted by `hsb' on input line 1375.
)
LaTeX Font Info:    Trying to load font information for OT1+txr on input line 3
0.

(c:/texlive/2021/texmf-dist/tex/latex/txfonts/ot1txr.fd
File: ot1txr.fd 2000/12/15 v3.1
)
(c:/texlive/2021/texmf-dist/tex/latex/l3backend/l3backend-pdftex.def
File: l3backend-pdftex.def 2021-10-18 L3 backend support: PDF output (pdfTeX)
\l__color_backend_stack_int=\count299
\l__pdf_internal_box=\box69
)
(./RPSO_clean.aux

LaTeX Warning: Label `3' multiply defined.

)
\openout1 = `RPSO_clean.aux'.

LaTeX Font Info:    Checking defaults for OML/txmi/m/it on input line 30.
LaTeX Font Info:    Trying to load font information for OML+txmi on input line 
30.
 (c:/texlive/2021/texmf-dist/tex/latex/txfonts/omltxmi.fd
File: omltxmi.fd 2000/12/15 v3.1
)
LaTeX Font Info:    ... okay on input line 30.
LaTeX Font Info:    Checking defaults for OMS/txsy/m/n on input line 30.
LaTeX Font Info:    Trying to load font information for OMS+txsy on input line 
30.

(c:/texlive/2021/texmf-dist/tex/latex/txfonts/omstxsy.fd
File: omstxsy.fd 2000/12/15 v3.1
)
LaTeX Font Info:    ... okay on input line 30.
LaTeX Font Info:    Checking defaults for OT1/cmr/m/n on input line 30.
LaTeX Font Info:    ... okay on input line 30.
LaTeX Font Info:    Checking defaults for T1/cmr/m/n on input line 30.
LaTeX Font Info:    ... okay on input line 30.
LaTeX Font Info:    Checking defaults for TS1/cmr/m/n on input line 30.
LaTeX Font Info:    ... okay on input line 30.
LaTeX Font Info:    Checking defaults for OMX/txex/m/n on input line 30.
LaTeX Font Info:    Trying to load font information for OMX+txex on input line 
30.

(c:/texlive/2021/texmf-dist/tex/latex/txfonts/omxtxex.fd
File: omxtxex.fd 2000/12/15 v3.1
)
LaTeX Font Info:    ... okay on input line 30.
LaTeX Font Info:    Checking defaults for U/txexa/m/n on input line 30.
LaTeX Font Info:    Trying to load font information for U+txexa on input line 3
0.

(c:/texlive/2021/texmf-dist/tex/latex/txfonts/utxexa.fd
File: utxexa.fd 2000/12/15 v3.1
)
LaTeX Font Info:    ... okay on input line 30.

(c:/texlive/2021/texmf-dist/tex/context/base/mkii/supp-pdf.mkii
[Loading MPS to PDF converter (version 2006.09.02).]
\scratchcounter=\count300
\scratchdimen=\dimen186
\scratchbox=\box70
\nofMPsegments=\count301
\nofMParguments=\count302
\everyMPshowfont=\toks29
\MPscratchCnt=\count303
\MPscratchDim=\dimen187
\MPnumerator=\count304
\makeMPintoPDFobject=\count305
\everyMPtoPDFconversion=\toks30
)
Package caption Info: Begin \AtBeginDocument code.
Package caption Info: float package is loaded.
Package caption Info: End \AtBeginDocument code.
LaTeX Font Info:    Font shape `OT1/txr/b/n' in size <10> not available
(Font)              Font shape `OT1/txr/bx/n' tried instead on input line 42.
LaTeX Font Info:    Trying to load font information for U+txsya on input line 4
3.
 (c:/texlive/2021/texmf-dist/tex/latex/txfonts/utxsya.fd
File: utxsya.fd 2000/12/15 v3.1
)
LaTeX Font Info:    Trying to load font information for U+txsyb on input line 4
3.

(c:/texlive/2021/texmf-dist/tex/latex/txfonts/utxsyb.fd
File: utxsyb.fd 2000/12/15 v3.1
)
LaTeX Font Info:    Trying to load font information for U+txmia on input line 4
3.

(c:/texlive/2021/texmf-dist/tex/latex/txfonts/utxmia.fd
File: utxmia.fd 2000/12/15 v3.1
)
LaTeX Font Info:    Trying to load font information for U+txsyc on input line 4
3.

(c:/texlive/2021/texmf-dist/tex/latex/txfonts/utxsyc.fd
File: utxsyc.fd 2000/12/15 v3.1
)
LaTeX Font Info:    Trying to load font information for OMX+yhex on input line 
43.

(c:/texlive/2021/texmf-dist/tex/latex/yhmath/OMXyhex.fd
File: OMXyhex.fd 
File: OMXyhex.fd 2013/07/03 v1.1 YH's humble contribution to TeX maths (NP)
)
LaTeX Font Info:    Trying to load font information for OT1+txtt on input line 
51.

(c:/texlive/2021/texmf-dist/tex/latex/txfonts/ot1txtt.fd
File: ot1txtt.fd 2000/12/15 v3.1
) [1


{c:/texlive/2021/texmf-var/fonts/map/pdftex/updmap/pdftex.map}] [2] [3] [4] [5]
 [6]
Package epstopdf Info: Source file: <JensenModel.eps>
(epstopdf)                    date: 2024-03-29 14:12:46
(epstopdf)                    size: 5851219 bytes
(epstopdf)             Output file: <JensenModel-eps-converted-to.pdf>
(epstopdf)                    date: 2024-11-15 12:37:50
(epstopdf)                    size: 4192767 bytes
(epstopdf)             Command: <repstopdf --outfile=JensenModel-eps-converted-
to.pdf JensenModel.eps>
(epstopdf)             \includegraphics on input line 122.
Package epstopdf Info: Output file is already uptodate.
<JensenModel-eps-converted-to.pdf, id=27, 2677.00125pt x 1505.625pt>
File: JensenModel-eps-converted-to.pdf Graphic file (type pdf)
<use JensenModel-eps-converted-to.pdf>
Package pdftex.def Info: JensenModel-eps-converted-to.pdf  used on input line 1
22.
(pdftex.def)             Requested size: 345.0pt x 194.03804pt.
 [7]
Overfull \hbox (11.87013pt too wide) in paragraph at lines 127--128
[]\OT1/txr/m/n/10 The Jensen model op-er-ates un-der the as-sump-tion of mo-men
-tum con-ser-va-tion, whereby
 []

[8 <./JensenModel-eps-converted-to.pdf>]
Package epstopdf Info: Source file: <IntersectedArea.eps>
(epstopdf)                    date: 2024-03-08 21:56:08
(epstopdf)                    size: 80473 bytes
(epstopdf)             Output file: <IntersectedArea-eps-converted-to.pdf>
(epstopdf)                    date: 2024-11-15 12:37:52
(epstopdf)                    size: 27361 bytes
(epstopdf)             Command: <repstopdf --outfile=IntersectedArea-eps-conver
ted-to.pdf IntersectedArea.eps>
(epstopdf)             \includegraphics on input line 158.
Package epstopdf Info: Output file is already uptodate.
<IntersectedArea-eps-converted-to.pdf, id=42, 2677.00125pt x 1505.625pt>
File: IntersectedArea-eps-converted-to.pdf Graphic file (type pdf)
<use IntersectedArea-eps-converted-to.pdf>
Package pdftex.def Info: IntersectedArea-eps-converted-to.pdf  used on input li
ne 158.
(pdftex.def)             Requested size: 345.0pt x 194.03804pt.
 [9] [10 <./IntersectedArea-eps-converted-to.pdf>]
Package epstopdf Info: Source file: <rpso.eps>
(epstopdf)                    date: 2024-03-28 17:07:56
(epstopdf)                    size: 200910 bytes
(epstopdf)             Output file: <rpso-eps-converted-to.pdf>
(epstopdf)                    date: 2024-11-15 12:37:54
(epstopdf)                    size: 66398 bytes
(epstopdf)             Command: <repstopdf --outfile=rpso-eps-converted-to.pdf 
rpso.eps>
(epstopdf)             \includegraphics on input line 215.
Package epstopdf Info: Output file is already uptodate.
<rpso-eps-converted-to.pdf, id=53, 2677.00125pt x 1505.625pt>
File: rpso-eps-converted-to.pdf Graphic file (type pdf)
<use rpso-eps-converted-to.pdf>
Package pdftex.def Info: rpso-eps-converted-to.pdf  used on input line 215.
(pdftex.def)             Requested size: 345.0pt x 194.03804pt.
 [11] [12 <./rpso-eps-converted-to.pdf>] [13] [14] [15] [16]
[17]
LaTeX Font Info:    Font shape `OT1/txr/b/n' in size <7> not available
(Font)              Font shape `OT1/txr/bx/n' tried instead on input line 379.
 [18]
Overfull \hbox (87.21623pt too wide) in paragraph at lines 409--425
[][] 
 []

[19]
Package epstopdf Info: Source file: <4ws.eps>
(epstopdf)                    date: 2024-03-27 21:56:22
(epstopdf)                    size: 4038946 bytes
(epstopdf)             Output file: <4ws-eps-converted-to.pdf>
(epstopdf)                    date: 2024-11-15 12:37:56
(epstopdf)                    size: 548246 bytes
(epstopdf)             Command: <repstopdf --outfile=4ws-eps-converted-to.pdf 4
ws.eps>
(epstopdf)             \includegraphics on input line 433.
Package epstopdf Info: Output file is already uptodate.
<4ws-eps-converted-to.pdf, id=85, 1080.035pt x 889.3225pt>
File: 4ws-eps-converted-to.pdf Graphic file (type pdf)
<use 4ws-eps-converted-to.pdf>
Package pdftex.def Info: 4ws-eps-converted-to.pdf  used on input line 433.
(pdftex.def)             Requested size: 345.0pt x 284.07335pt.
 [20 <./4ws-eps-converted-to.pdf>]
LaTeX Font Info:    Trying to load font information for TS1+txr on input line 4
96.

(c:/texlive/2021/texmf-dist/tex/latex/txfonts/ts1txr.fd
File: ts1txr.fd 2000/12/15 v3.1
)
LaTeX Font Info:    Font shape `TS1/txr/b/n' in size <10> not available
(Font)              Font shape `TS1/txr/bx/n' tried instead on input line 496.

Overfull \hbox (122.01418pt too wide) in paragraph at lines 466--497
[][] 
 []


Overfull \hbox (48.30447pt too wide) in paragraph at lines 502--513
[][] 
 []

Package epstopdf Info: Source file: <4box.eps>
(epstopdf)                    date: 2024-03-28 16:18:14
(epstopdf)                    size: 5564110 bytes
(epstopdf)             Output file: <4box-eps-converted-to.pdf>
(epstopdf)                    date: 2024-11-15 12:37:58
(epstopdf)                    size: 53447 bytes
(epstopdf)             Command: <repstopdf --outfile=4box-eps-converted-to.pdf 
4box.eps>
(epstopdf)             \includegraphics on input line 519.
Package epstopdf Info: Output file is already uptodate.
<4box-eps-converted-to.pdf, id=108, 2652.91125pt x 1389.19pt>
File: 4box-eps-converted-to.pdf Graphic file (type pdf)
<use 4box-eps-converted-to.pdf>
Package pdftex.def Info: 4box-eps-converted-to.pdf  used on input line 519.
(pdftex.def)             Requested size: 345.0pt x 180.64343pt.
Package epstopdf Info: Source file: <layout.eps>
(epstopdf)                    date: 2024-04-19 02:24:54
(epstopdf)                    size: 9714154 bytes
(epstopdf)             Output file: <layout-eps-converted-to.pdf>
(epstopdf)                    date: 2024-11-15 12:38:00
(epstopdf)                    size: 324285 bytes
(epstopdf)             Command: <repstopdf --outfile=layout-eps-converted-to.pd
f layout.eps>
(epstopdf)             \includegraphics on input line 526.
Package epstopdf Info: Output file is already uptodate.
<layout-eps-converted-to.pdf, id=109, 1636.1125pt x 1348.03625pt>
File: layout-eps-converted-to.pdf Graphic file (type pdf)
<use layout-eps-converted-to.pdf>
Package pdftex.def Info: layout-eps-converted-to.pdf  used on input line 526.
(pdftex.def)             Requested size: 517.5pt x 426.38206pt.

Overfull \hbox (89.04175pt too wide) in paragraph at lines 525--527
 []|  [] 
 []

Package epstopdf Info: Source file: <4conv.eps>
(epstopdf)                    date: 2024-03-27 20:50:54
(epstopdf)                    size: 2452818 bytes
(epstopdf)             Output file: <4conv-eps-converted-to.pdf>
(epstopdf)                    date: 2024-11-15 12:38:02
(epstopdf)                    size: 75612 bytes
(epstopdf)             Command: <repstopdf --outfile=4conv-eps-converted-to.pdf
 4conv.eps>
(epstopdf)             \includegraphics on input line 533.
Package epstopdf Info: Output file is already uptodate.
<4conv-eps-converted-to.pdf, id=110, 749.80125pt x 619.31375pt>
File: 4conv-eps-converted-to.pdf Graphic file (type pdf)
<use 4conv-eps-converted-to.pdf>
Package pdftex.def Info: 4conv-eps-converted-to.pdf  used on input line 533.
(pdftex.def)             Requested size: 345.0pt x 284.96338pt.
[21 <./4box-eps-converted-to.pdf>] [22] [23 <./layout-eps-converted-to.pdf>]
[24] [25 <./4conv-eps-converted-to.pdf>]
Package epstopdf Info: Source file: <distribution_uniform.eps>
(epstopdf)                    date: 2024-04-19 15:23:02
(epstopdf)                    size: 30499 bytes
(epstopdf)             Output file: <distribution_uniform-eps-converted-to.pdf>

(epstopdf)                    date: 2024-11-15 12:38:04
(epstopdf)                    size: 18245 bytes
(epstopdf)             Command: <repstopdf --outfile=distribution_uniform-eps-c
onverted-to.pdf distribution_uniform.eps>
(epstopdf)             \includegraphics on input line 547.
Package epstopdf Info: Output file is already uptodate.
<distribution_uniform-eps-converted-to.pdf, id=246, 1387.58403pt x 694.51468pt>

File: distribution_uniform-eps-converted-to.pdf Graphic file (type pdf)
<use distribution_uniform-eps-converted-to.pdf>
Package pdftex.def Info: distribution_uniform-eps-converted-to.pdf  used on inp
ut line 547.
(pdftex.def)             Requested size: 207.0021pt x 103.60043pt.
 [26] [27 <./distribution_uniform-eps-converted-to.pdf>]
Package epstopdf Info: Source file: <4distribution_1pic.eps>
(epstopdf)                    date: 2024-04-19 15:25:16
(epstopdf)                    size: 6468118 bytes
(epstopdf)             Output file: <4distribution_1pic-eps-converted-to.pdf>
(epstopdf)                    date: 2024-11-15 12:38:06
(epstopdf)                    size: 52439 bytes
(epstopdf)             Command: <repstopdf --outfile=4distribution_1pic-eps-con
verted-to.pdf 4distribution_1pic.eps>
(epstopdf)             \includegraphics on input line 568.
Package epstopdf Info: Output file is already uptodate.
<4distribution_1pic-eps-converted-to.pdf, id=304, 2660.94125pt x 1389.19pt>
File: 4distribution_1pic-eps-converted-to.pdf Graphic file (type pdf)
<use 4distribution_1pic-eps-converted-to.pdf>
Package pdftex.def Info: 4distribution_1pic-eps-converted-to.pdf  used on input
 line 568.
(pdftex.def)             Requested size: 345.0pt x 180.1135pt.
Package epstopdf Info: Source file: <r_experiment_1pic.eps>
(epstopdf)                    date: 2024-04-19 02:35:32
(epstopdf)                    size: 6637386 bytes
(epstopdf)             Output file: <r_experiment_1pic-eps-converted-to.pdf>
(epstopdf)                    date: 2024-11-15 12:38:07
(epstopdf)                    size: 50629 bytes
(epstopdf)             Command: <repstopdf --outfile=r_experiment_1pic-eps-conv
erted-to.pdf r_experiment_1pic.eps>
(epstopdf)             \includegraphics on input line 574.
Package epstopdf Info: Output file is already uptodate.
<r_experiment_1pic-eps-converted-to.pdf, id=305, 2641.87pt x 1389.19pt>
File: r_experiment_1pic-eps-converted-to.pdf Graphic file (type pdf)
<use r_experiment_1pic-eps-converted-to.pdf>
Package pdftex.def Info: r_experiment_1pic-eps-converted-to.pdf  used on input 
line 574.
(pdftex.def)             Requested size: 345.0pt x 181.40654pt.
 [28]
Package epstopdf Info: Source file: <eta_S1.eps>
(epstopdf)                    date: 2024-11-14 22:19:22
(epstopdf)                    size: 37714 bytes
(epstopdf)             Output file: <eta_S1-eps-converted-to.pdf>
(epstopdf)                    date: 2024-11-15 12:38:09
(epstopdf)                    size: 24921 bytes
(epstopdf)             Command: <repstopdf --outfile=eta_S1-eps-converted-to.pd
f eta_S1.eps>
(epstopdf)             \includegraphics on input line 599.
Package epstopdf Info: Output file is already uptodate.
<eta_S1-eps-converted-to.pdf, id=309, 867.24pt x 578.16pt>
File: eta_S1-eps-converted-to.pdf Graphic file (type pdf)
<use eta_S1-eps-converted-to.pdf>
Package pdftex.def Info: eta_S1-eps-converted-to.pdf  used on input line 599.
(pdftex.def)             Requested size: 155.24895pt x 103.4997pt.
Package epstopdf Info: Source file: <eta_S2.eps>
(epstopdf)                    date: 2024-11-14 22:19:22
(epstopdf)                    size: 35565 bytes
(epstopdf)             Output file: <eta_S2-eps-converted-to.pdf>
(epstopdf)                    date: 2024-11-15 12:38:11
(epstopdf)                    size: 24382 bytes
(epstopdf)             Command: <repstopdf --outfile=eta_S2-eps-converted-to.pd
f eta_S2.eps>
(epstopdf)             \includegraphics on input line 605.
Package epstopdf Info: Output file is already uptodate.
<eta_S2-eps-converted-to.pdf, id=310, 867.24pt x 578.16pt>
File: eta_S2-eps-converted-to.pdf Graphic file (type pdf)
<use eta_S2-eps-converted-to.pdf>
Package pdftex.def Info: eta_S2-eps-converted-to.pdf  used on input line 605.
(pdftex.def)             Requested size: 155.24895pt x 103.4997pt.
Package epstopdf Info: Source file: <eta_S3.eps>
(epstopdf)                    date: 2024-11-14 22:19:22
(epstopdf)                    size: 36246 bytes
(epstopdf)             Output file: <eta_S3-eps-converted-to.pdf>
(epstopdf)                    date: 2024-11-15 12:38:12
(epstopdf)                    size: 23783 bytes
(epstopdf)             Command: <repstopdf --outfile=eta_S3-eps-converted-to.pd
f eta_S3.eps>
(epstopdf)             \includegraphics on input line 614.
Package epstopdf Info: Output file is already uptodate.
<eta_S3-eps-converted-to.pdf, id=311, 867.24pt x 578.16pt>
File: eta_S3-eps-converted-to.pdf Graphic file (type pdf)
<use eta_S3-eps-converted-to.pdf>
Package pdftex.def Info: eta_S3-eps-converted-to.pdf  used on input line 614.
(pdftex.def)             Requested size: 155.24895pt x 103.4997pt.
Package epstopdf Info: Source file: <eta_S4.eps>
(epstopdf)                    date: 2024-11-14 22:19:22
(epstopdf)                    size: 36237 bytes
(epstopdf)             Output file: <eta_S4-eps-converted-to.pdf>
(epstopdf)                    date: 2024-11-15 12:38:14
(epstopdf)                    size: 23379 bytes
(epstopdf)             Command: <repstopdf --outfile=eta_S4-eps-converted-to.pd
f eta_S4.eps>
(epstopdf)             \includegraphics on input line 620.
Package epstopdf Info: Output file is already uptodate.
<eta_S4-eps-converted-to.pdf, id=312, 867.24pt x 578.16pt>
File: eta_S4-eps-converted-to.pdf Graphic file (type pdf)
<use eta_S4-eps-converted-to.pdf>
Package pdftex.def Info: eta_S4-eps-converted-to.pdf  used on input line 620.
(pdftex.def)             Requested size: 155.24895pt x 103.4997pt.
 [29 <./4distribution_1pic-eps-converted-to.pdf> <./r_experiment_1pic-eps-conve
rted-to.pdf>] [30 <./eta_S1-eps-converted-to.pdf> <./eta_S2-eps-converted-to.pd
f> <./eta_S3-eps-converted-to.pdf> <./eta_S4-eps-converted-to.pdf>] (./RPSO_cle
an.bbl [31] [32] [33] [34] [35]) [36] (./RPSO_clean.aux)

LaTeX Warning: There were multiply-defined labels.

 ) 
Here is how much of TeX's memory you used:
 8551 strings out of 478353
 138170 string characters out of 5852101
 458814 words of memory out of 5000000
 26466 multiletter control sequences out of 15000+600000
 445679 words of font info for 125 fonts, out of 8000000 for 9000
 1141 hyphenation exceptions out of 8191
 70i,18n,77p,4099b,571s stack positions out of 5000i,500n,10000p,200000b,80000s
{c:/texlive/2021/texmf-dist/fonts/enc/dvips/base/8r.enc}<c:/texlive/2021/texm
f-dist/fonts/type1/public/amsfonts/cm/cmex10.pfb><c:/texlive/2021/texmf-dist/fo
nts/type1/public/txfonts/rtcxb.pfb><c:/texlive/2021/texmf-dist/fonts/type1/publ
ic/txfonts/rtcxr.pfb><c:/texlive/2021/texmf-dist/fonts/type1/public/txfonts/rtx
mi.pfb><c:/texlive/2021/texmf-dist/fonts/type1/public/txfonts/rtxr.pfb><c:/texl
ive/2021/texmf-dist/fonts/type1/public/txfonts/txex.pfb><c:/texlive/2021/texmf-
dist/fonts/type1/public/txfonts/txsy.pfb><c:/texlive/2021/texmf-dist/fonts/type
1/public/txfonts/txsyb.pfb><c:/texlive/2021/texmf-dist/fonts/type1/public/txfon
ts/txtt.pfb><c:/texlive/2021/texmf-dist/fonts/type1/urw/times/utmb8a.pfb><c:/te
xlive/2021/texmf-dist/fonts/type1/urw/times/utmr8a.pfb><c:/texlive/2021/texmf-d
ist/fonts/type1/urw/times/utmri8a.pfb><c:/texlive/2021/texmf-dist/fonts/type1/p
ublic/yhmath/yhcmex.pfb>
Output written on RPSO_clean.pdf (36 pages, 5606672 bytes).
PDF statistics:
 767 PDF objects out of 1000 (max. 8388607)
 264 compressed objects within 3 object streams
 0 named destinations out of 1000 (max. 500000)
 71 words of extra memory for PDF output out of 10000 (max. 10000000)

